
> marketplace-fotografos@0.1.0 test
> jest app/profissionais

  console.warn
    Supabase URL or Anon Key is missing. Make sure NEXT_PUBLIC_SUPABASE_URL and NEXT_PUBLIC_SUPABASE_ANON_KEY are set in your .env.local file.

    [0m [90m  5 |[39m
     [90m  6 |[39m [36mif[39m ([33m![39msupabaseUrl [33m||[39m [33m![39msupabaseAnonKey) {
    [31m[1m>[22m[39m[90m  7 |[39m     console[33m.[39mwarn(
     [90m    |[39m             [31m[1m^[22m[39m
     [90m  8 |[39m         [32m"Supabase URL or Anon Key is missing. Make sure NEXT_PUBLIC_SUPABASE_URL and NEXT_PUBLIC_SUPABASE_ANON_KEY are set in your .env.local file."[39m
     [90m  9 |[39m     )[33m;[39m
     [90m 10 |[39m }[0m

      at Object.warn (lib/supabase.ts:7:13)
      at Object.<anonymous> (lib/auth-context.tsx:23:19)
      at Object.<anonymous> (components/header.tsx:15:22)
      at Object.<anonymous> (app/profissionais/page.tsx:14:17)
      at Object.<anonymous> (app/profissionais/__tests__/page.test.tsx:56:54)

npm : FAIL app/profissionais/__tests__/page.test.tsx
No linha:1 caractere:1
+ npm test app/profissionais > test_output.txt 2>&1
+ ~~~~~~~~~~~~~~~~~~~~~~~~~~~~~~~~~~~~~~~~~~~~~~~~~
    + CategoryInfo          : NotSpecified: (FAIL app/pr 
   ofis..._/page.test.tsx:String) [], RemoteException
    + FullyQualifiedErrorId : NativeCommandError
 
  ÔùÅ Test suite failed to run

    supabaseUrl is required.

    [0m [90m 10 |[39m }
     [90m 11 |[39m
    [31m[1m>[22m[39m[90m 12 |[39m [36mexport[39m 
[36mconst[39m supabase [33m=[39m createClient(
     [90m    |[39m                                     
[31m[1m^[22m[39m
     [90m 13 |[39m     supabaseUrl [33m||[39m 
[32m""[39m[33m,[39m
     [90m 14 |[39m     supabaseAnonKey [33m||[39m 
[32m""[39m
     [90m 15 |[39m )[33m;[39m[0m

      at validateSupabaseUrl (node_modules/@supabase/supa
base-js/src/lib/helpers.ts:86:11)
      at new SupabaseClient (node_modules/@supabase/supab
ase-js/src/SupabaseClient.ts:117:21)
      at createClient 
(node_modules/@supabase/supabase-js/src/index.ts:60:10)
      at Object.<anonymous> (lib/supabase.ts:12:37)
      at Object.<anonymous> (lib/auth-context.tsx:23:19)
      at Object.<anonymous> (components/header.tsx:15:22)
      at Object.<anonymous> 
(app/profissionais/page.tsx:14:17)
      at Object.<anonymous> 
(app/profissionais/__tests__/page.test.tsx:56:54)

Test Suites: 1 failed, 1 total
Tests:       0 total
Snapshots:   0 total
Time:        0.863 s
Ran all test suites matching app/profissionais.
